[2026-09-18T15:14:45.023] error: NVML: Failed to get Compute running process count(3): Not Supported
[2026-09-18T15:14:45.023] error: NVML: Failed to get Compute running process count(3): Not Supported
Fri Sep 18 15:14:45 2026       
+-----------------------------------------------------------------------------------------+
| NVIDIA-SMI 580.159.03             Driver Version: 580.159.03     CUDA Version: 13.0     |
+-----------------------------------------+------------------------+----------------------+
| GPU  Name                 Persistence-M | Bus-Id          Disp.A | Volatile Uncorr. ECC |
| Fan  Temp   Perf          Pwr:Usage/Cap |           Memory-Usage | GPU-Util  Compute M. |
|                                         |                        |               MIG M. |
|=========================================+========================+======================|
|   0  NVIDIA H100 80GB HBM3          On  |   00000000:4C:00.0 N/A |                  N/A |
|ERR!  ERR! ERR!             N/A  /  N/A  |       0MiB /  81559MiB |     N/A      Default |
|                                         |                        |                 ERR! |
+-----------------------------------------+------------------------+----------------------+

+-----------------------------------------------------------------------------------------+
| Processes:                                                                              |
|  GPU   GI   CI              PID   Type   Process name                        GPU Memory |
|        ID   ID                                                               Usage      |
|=========================================================================================|
|  No running processes found                                                             |
+-----------------------------------------------------------------------------------------+
Software renderer dependencies loaded on allocated node
Training server exited
[2026-09-18T15:18:08.040] error: NVML: Failed to get Compute running process count(3): Not Supported
