[robosuite WARNING] No private macro file found! (macros.py:53)
2026-09-16 11:19:39,545 WARNING No private macro file found!
[robosuite WARNING] It is recommended to use a private macro file (macros.py:54)
2026-09-16 11:19:39,546 WARNING It is recommended to use a private macro file
[robosuite WARNING] To setup, run: python /scratch/enmingzz/frequency_vla/venvs/libero/lib/python3.8/site-packages/robosuite/scripts/setup_macros.py (macros.py:55)
2026-09-16 11:19:39,546 WARNING To setup, run: python /scratch/enmingzz/frequency_vla/venvs/libero/lib/python3.8/site-packages/robosuite/scripts/setup_macros.py
2026-09-16 11:19:39,914 INFO No OpenGL_accelerate module loaded: No module named 'OpenGL_accelerate'
Gym has been unmaintained since 2022 and does not support NumPy 2.0 amongst other critical functionality.
Please upgrade to Gymnasium, the maintained drop-in replacement of Gym, or contact the authors of your software and request that they upgrade.
See the migration guide at https://gymnasium.farama.org/introduction/migration_guide/ for additional information.
2026-09-16 11:19:54,719 INFO Task suite: libero_90
  0%|          | 0/1 [00:00<?, ?it/s]2026-09-16 11:19:54,726 INFO Constructing LIBERO environment task=0
/scratch/enmingzz/frequency_vla/venvs/libero/lib/python3.8/site-packages/numba/np/arraymath.py:3845: DeprecationWarning: `np.MachAr` is deprecated (NumPy 1.22).
  @overload(np.MachAr)
2026-09-16 11:19:57,284 INFO Environment constructed in 2.56s

  0%|          | 0/1 [00:00<?, ?it/s][A2026-09-16 11:19:57,284 INFO 
Task: close the top drawer of the cabinet
2026-09-16 11:19:58,203 INFO Environment reset completed in 0.92s
2026-09-16 11:19:58,206 INFO Initial state installed in 0.00s
2026-09-16 11:19:58,206 INFO Starting episode 1...
REPLAY_STEP 0
2026-09-16 11:19:58,723 INFO First policy request after 1.44s of episode setup/settling
2026-09-16 11:19:58,723 INFO First policy response received; server timing: None
REPLAY_STEP 20
REPLAY_STEP 40
REPLAY_STEP 60
REPLAY_STEP 80
REPLAY_STEP 100
REPLAY_STEP 120
REPLAY_STEP 140
REPLAY_STEP 160
REPLAY_STEP 180
REPLAY_STEP 200
REPLAY_STEP 220
REPLAY_STEP 240
REPLAY_STEP 260
REPLAY_COMPLETE 261 exact actions, no policy model loaded
  0%|          | 0/1 [00:05<?, ?it/s]
  0%|          | 0/1 [00:08<?, ?it/s]
